DOM whitespace normalization run
--------------------------------
timestamp (UTC): 2026-05-10T10:34:26.060Z
script: 05-dom-whitespace-normalization/1
normalizer: parse as text/html; drop whitespace-only text nodes outside script/style/pre/textarea; collapse whitespace runs in other text nodes

source: 03-compact-agent/doms/compacted
---------------------------------------
input symlink: inputs/from-03-compacted
resolved path: /Users/andrewlevada/Projects/my/internet-shaper/playground/03-compact-agent/doms/compacted
output dir: output/from-03

substack.html: chars 93631 -> 89055 (4.9% smaller)
youtube.html: chars 424906 -> 420378 (1.1% smaller)
instagram.html: chars 28610 -> 28329 (1.0% smaller)

source: 04-accessibility-tree-pruning/output/compacted
------------------------------------------------------
input symlink: inputs/from-04-compacted
resolved path: /Users/andrewlevada/Projects/my/internet-shaper/playground/04-accessibility-tree-pruning/output/compacted
output dir: output/from-04

substack.html: chars 76422 -> 71846 (6.0% smaller)
youtube.html: chars 394636 -> 390237 (1.1% smaller)
instagram.html: chars 27493 -> 27212 (1.0% smaller)

log file: /Users/andrewlevada/Projects/my/internet-shaper/playground/05-dom-whitespace-normalization/logs/2026-05-10T10-34-26-060Z-whitespace-normalize.log