Manual note: changed inserted comments from full-form to compact — "Collapsed N wrappers" → "-N wrappers"; "Truncated N similar siblings" → "-N siblings"; "Hidden element" / "Hid N elements" → "-N elements"

Accessibility-tree pruning + compaction...
common class threshold (03 compaction): count > elements × 0.05 (strict >5%)

substack.html
  Chars:  355,505 -> 73,785 (79.2% reduction)
  Tokens: 146,372 -> 26,483 (81.9% reduction)
  355 wrappers, 82 siblings, 28 classes
  AX prune -> 222,317 chars (37.5%), 81,552 tokens (44.3%), 528 ids, 404 unwrapped, ~elements 1787 -> 1381

youtube.html
  Chars:  1,960,222 -> 384,504 (80.4% reduction)
  Tokens: 651,253 -> 130,641 (79.9% reduction)
  3394 wrappers, 131 siblings, 3 classes
  AX prune -> 1,634,143 chars (16.6%), 540,968 tokens (16.9%), 5711 ids, 4993 unwrapped, ~elements 19506 -> 14511

instagram.html
  Chars:  264,195 -> 26,311 (90.0% reduction)
  Tokens: 157,880 -> 14,445 (90.9% reduction)
  677 wrappers, 107 siblings, 82 classes
  AX prune -> 256,663 chars (2.9%), 153,936 tokens (2.5%), 1433 ids, 45 unwrapped, ~elements 1492 -> 1445


Output: /Users/andrewlevada/Projects/my/internet-shaper/playground/04-accessibility-tree-pruning/output/compacted
AX-pruned: /Users/andrewlevada/Projects/my/internet-shaper/playground/04-accessibility-tree-pruning/output/pruned