Manual note: added noscript tag to excluded tags list at 01 step

HTML comment character ratio (post step 05 output)
--------------------------------------------------
timestamp (UTC): 2026-05-10T11:44:06.423Z
script: 05-dom-whitespace-normalization/comment-char-ratio/1
reproduce: deno run --allow-read --allow-write ./comment-char-ratio.ts
metric: sum(length of <!-- ... --> spans) / total file length (characters)

artifact dir: output/from-03
----------------------------
upstream source id: 03-compact-agent/doms/compacted
path: /Users/andrewlevada/Projects/my/internet-shaper/playground/05-dom-whitespace-normalization/output/from-03

substack.html: comments 4921 chars / 86339 total (5.70%)
youtube.html: comments 18723 chars / 411850 total (4.55%)
instagram.html: comments 2362 chars / 27171 total (8.69%)

artifact dir: output/from-04
----------------------------
upstream source id: 04-accessibility-tree-pruning/output/compacted
path: /Users/andrewlevada/Projects/my/internet-shaper/playground/05-dom-whitespace-normalization/output/from-04

substack.html: comments 7461 chars / 69059 total (10.80%)
youtube.html: comments 31083 chars / 380105 total (8.18%)
instagram.html: comments 2522 chars / 26030 total (9.69%)

log file: /Users/andrewlevada/Projects/my/internet-shaper/playground/05-dom-whitespace-normalization/logs/metrics/2026-05-10T11-44-06-423Z-comment-char-ratio.log