Manual note: changed inserted comments from full-form to compact — "Collapsed N wrappers" → "-N wrappers"; "Truncated N similar siblings" → "-N siblings"; "Hidden element" / "Hid N elements" → "-N elements"

HTML comment character ratio (post step 05 output)
--------------------------------------------------
timestamp (UTC): 2026-05-10T11:23:10.415Z
script: 05-dom-whitespace-normalization/comment-char-ratio/1
reproduce: deno run --allow-read --allow-write ./comment-char-ratio.ts
metric: sum(length of <!-- ... --> spans) / total file length (characters)

artifact dir: output/from-03
----------------------------
upstream source id: 03-compact-agent/doms/compacted
path: /Users/andrewlevada/Projects/my/internet-shaper/playground/05-dom-whitespace-normalization/output/from-03

substack.html: comments 4921 chars / 86489 total (5.69%)
youtube.html: comments 18723 chars / 411850 total (4.55%)
instagram.html: comments 2362 chars / 27171 total (8.69%)

artifact dir: output/from-04
----------------------------
upstream source id: 04-accessibility-tree-pruning/output/compacted
path: /Users/andrewlevada/Projects/my/internet-shaper/playground/05-dom-whitespace-normalization/output/from-04

substack.html: comments 7461 chars / 69209 total (10.78%)
youtube.html: comments 31083 chars / 380105 total (8.18%)
instagram.html: comments 2522 chars / 26030 total (9.69%)

log file: /Users/andrewlevada/Projects/my/internet-shaper/playground/05-dom-whitespace-normalization/logs/metrics/2026-05-10T11-23-10-415Z-comment-char-ratio.log