Manual note: First run

DOM whitespace normalization run
--------------------------------
timestamp (UTC): 2026-05-10T10:02:12.161Z
script: 05-dom-whitespace-normalization/1
normalizer: parse as text/html; drop whitespace-only text nodes outside script/style/pre/textarea; collapse whitespace runs in other text nodes

source: 03-compact-agent/doms/compacted
---------------------------------------
input symlink: inputs/from-03-compacted
resolved path: /Users/andrewlevada/Projects/my/internet-shaper/playground/03-compact-agent/doms/compacted
output dir: output/from-03

substack.html: chars 121753 -> 117177 (3.8% smaller)
youtube.html: chars 426438 -> 421910 (1.1% smaller)
instagram.html: chars 54951 -> 54670 (0.5% smaller)

source: 04-accessibility-tree-pruning/output/compacted
------------------------------------------------------
input symlink: inputs/from-04-compacted
resolved path: /Users/andrewlevada/Projects/my/internet-shaper/playground/04-accessibility-tree-pruning/output/compacted
output dir: output/from-04

substack.html: chars 79399 -> 74824 (5.8% smaller)
youtube.html: chars 399985 -> 390949 (2.3% smaller)
instagram.html: chars 53430 -> 53149 (0.5% smaller)

log file: /Users/andrewlevada/Projects/my/internet-shaper/playground/05-dom-whitespace-normalization/logs/2026-05-10T10-02-12-161Z-whitespace-normalize.log